exports[`Container.vue matches snapshot 1`] = `
<div
  class="ds-container ds-container-x-large"
/>
`;
